
> watch-party-backend@1.0.0 test
> cross-env DATABASE_URL=postgresql://localhost REDIS_URL=redis://localhost CORS_ORIGIN=http://localhost JWT_ACCESS_SECRET=1234567890123456 JWT_REFRESH_SECRET=1234567890123456 vitest run tests/integration/participants.test.ts


[7m[1m[36m RUN [39m[22m[27m [36mv1.6.1[39m [90mD:/Ozrit-project/wp[39m

{"level":"info","time":1787319547357,"pid":9240,"hostname":"SiriTeja","req":{"id":"req-1","params":{"roomId":"11111111-1111-1111-1111-111111111111"},"raw":{"_events":{},"_readableState":{"highWaterMark":16384,"buffer":[],"bufferIndex":0,"length":0,"pipes":[],"awaitDrainWriters":null},"url":"/api/v1/rooms/11111111-1111-1111-1111-111111111111/join","aborted":false,"httpVersionMajor":1,"httpVersionMinor":1,"httpVersion":"1.1","method":"POST","headers":{"authorization":"Bearer eyJhbGciOiJIUzI1NiIsInR5cCI6IkpXVCJ9.eyJzdWIiOiJndWVzdC00NTYiLCJ0eXBlIjoiYWNjZXNzIiwianRpIjoiZ3Vlc3QtanRpIiwiaWF0IjoxNzg3MzE5NTQ3LCJleHAiOjE3ODczMjA0NDd9.yrn2EzlF0ojimGsI31_23rJSYUco8OG2Ze9CSfgmhI4","user-agent":"lightMyRequest","host":"localhost:80"},"rawHeaders":["authorization","Bearer eyJhbGciOiJIUzI1NiIsInR5cCI6IkpXVCJ9.eyJzdWIiOiJndWVzdC00NTYiLCJ0eXBlIjoiYWNjZXNzIiwianRpIjoiZ3Vlc3QtanRpIiwiaWF0IjoxNzg3MzE5NTQ3LCJleHAiOjE3ODczMjA0NDd9.yrn2EzlF0ojimGsI31_23rJSYUco8OG2Ze9CSfgmhI4","user-agent","lightMyRequest","host","localhost:80"],"socket":{"_events":{},"_eventsCount":0,"remoteAddress":"127.0.0.1"},"_lightMyRequest":{"payload":null,"isDone":false,"simulate":{}},"_eventsCount":2},"query":{},"log":{},"cookies":{},"corsPreflightEnabled":false},"msg":"incoming request"}
(node:9240) [FSTDEP020] DeprecationWarning: You are using the deprecated "reply.getResponseTime()" method. Use the "reply.elapsedTime" property instead. Method "reply.getResponseTime()" will be removed in `fastify@5`.
(Use `node --trace-deprecation ...` to show where the warning was created)
{"level":"info","time":1787319547366,"pid":9240,"hostname":"SiriTeja","req":{"id":"req-1","params":{"roomId":"11111111-1111-1111-1111-111111111111"},"raw":{"_events":{},"_readableState":{"highWaterMark":16384,"buffer":[],"bufferIndex":0,"length":0,"pipes":[],"awaitDrainWriters":null},"url":"/api/v1/rooms/11111111-1111-1111-1111-111111111111/join","aborted":false,"httpVersionMajor":1,"httpVersionMinor":1,"httpVersion":"1.1","method":"POST","headers":{"authorization":"Bearer eyJhbGciOiJIUzI1NiIsInR5cCI6IkpXVCJ9.eyJzdWIiOiJndWVzdC00NTYiLCJ0eXBlIjoiYWNjZXNzIiwianRpIjoiZ3Vlc3QtanRpIiwiaWF0IjoxNzg3MzE5NTQ3LCJleHAiOjE3ODczMjA0NDd9.yrn2EzlF0ojimGsI31_23rJSYUco8OG2Ze9CSfgmhI4","user-agent":"lightMyRequest","host":"localhost:80"},"rawHeaders":["authorization","Bearer eyJhbGciOiJIUzI1NiIsInR5cCI6IkpXVCJ9.eyJzdWIiOiJndWVzdC00NTYiLCJ0eXBlIjoiYWNjZXNzIiwianRpIjoiZ3Vlc3QtanRpIiwiaWF0IjoxNzg3MzE5NTQ3LCJleHAiOjE3ODczMjA0NDd9.yrn2EzlF0ojimGsI31_23rJSYUco8OG2Ze9CSfgmhI4","user-agent","lightMyRequest","host","localhost:80"],"socket":{"_events":{},"_eventsCount":0,"remoteAddress":"127.0.0.1"},"_lightMyRequest":{"payload":null,"isDone":false,"simulate":{}},"_eventsCount":2},"query":{},"log":{},"cookies":{},"corsPreflightEnabled":false,"user":{"id":"guest-456"}},"res":{"raw":{"_events":{},"_eventsCount":2,"outputData":[],"outputSize":0,"writable":true,"destroyed":false,"_last":false,"chunkedEncoding":false,"shouldKeepAlive":true,"maxRequestsOnConnectionReached":false,"_defaultKeepAlive":true,"useChunkedEncodingByDefault":true,"sendDate":true,"_removedConnection":false,"_removedContLen":false,"_removedTE":false,"strictContentLength":false,"_contentLength":148,"_hasBody":true,"_trailer":"","finished":true,"_headerSent":true,"_closed":false,"_header":"HTTP/1.1 200 OK\r\nContent-Security-Policy: default-src 'self';base-uri 'self';font-src 'self' https: data:;form-action 'self';frame-ancestors 'self';img-src 'self' data:;object-src 'none';script-src 'self';script-src-attr 'none';style-src 'self' https: 'unsafe-inline';upgrade-insecure-requests\r\nCross-Origin-Opener-Policy: same-origin\r\nCross-Origin-Resource-Policy: same-origin\r\nOrigin-Agent-Cluster: ?1\r\nReferrer-Policy: no-referrer\r\nStrict-Transport-Security: max-age=15552000; includeSubDomains\r\nX-Content-Type-Options: nosniff\r\nX-DNS-Prefetch-Control: off\r\nX-Download-Options: noopen\r\nX-Frame-Options: SAMEORIGIN\r\nX-Permitted-Cross-Domain-Policies: none\r\nX-XSS-Protection: 0\r\naccess-control-allow-origin: http://localhost\r\naccess-control-allow-credentials: true\r\nx-ratelimit-limit: 100\r\nx-ratelimit-remaining: 99\r\nx-ratelimit-reset: 60\r\ncontent-type: application/json; charset=utf-8\r\ncontent-length: 148\r\nDate: Fri, 21 Aug 2026 13:39:07 GMT\r\nConnection: keep-alive\r\n\r\n","_keepAliveTimeout":0,"req":{"_events":{},"_readableState":{"highWaterMark":16384,"buffer":[],"bufferIndex":0,"length":0,"pipes":[],"awaitDrainWriters":null},"url":"/api/v1/rooms/11111111-1111-1111-1111-111111111111/join","aborted":false,"httpVersionMajor":1,"httpVersionMinor":1,"httpVersion":"1.1","method":"POST","headers":{"authorization":"Bearer eyJhbGciOiJIUzI1NiIsInR5cCI6IkpXVCJ9.eyJzdWIiOiJndWVzdC00NTYiLCJ0eXBlIjoiYWNjZXNzIiwianRpIjoiZ3Vlc3QtanRpIiwiaWF0IjoxNzg3MzE5NTQ3LCJleHAiOjE3ODczMjA0NDd9.yrn2EzlF0ojimGsI31_23rJSYUco8OG2Ze9CSfgmhI4","user-agent":"lightMyRequest","host":"localhost:80"},"rawHeaders":["authorization","Bearer eyJhbGciOiJIUzI1NiIsInR5cCI6IkpXVCJ9.eyJzdWIiOiJndWVzdC00NTYiLCJ0eXBlIjoiYWNjZXNzIiwianRpIjoiZ3Vlc3QtanRpIiwiaWF0IjoxNzg3MzE5NTQ3LCJleHAiOjE3ODczMjA0NDd9.yrn2EzlF0ojimGsI31_23rJSYUco8OG2Ze9CSfgmhI4","user-agent","lightMyRequest","host","localhost:80"],"socket":{"_events":{},"_eventsCount":0,"remoteAddress":"127.0.0.1"},"_lightMyRequest":{"payload":null,"isDone":false,"simulate":{}},"_eventsCount":2},"_sent100":false,"_expect_continue":false,"_lightMyRequest":{"headers":{"content-security-policy":"default-src 'self';base-uri 'self';font-src 'self' https: data:;form-action 'self';frame-ancestors 'self';img-src 'self' data:;object-src 'none';script-src 'self';script-src-attr 'none';style-src 'self' https: 'unsafe-inline';upgrade-insecure-requests","cross-origin-opener-policy":"same-origin","cross-origin-resource-policy":"same-origin","origin-agent-cluster":"?1","referrer-policy":"no-referrer","strict-transport-security":"max-age=15552000; includeSubDomains","x-content-type-options":"nosniff","x-dns-prefetch-control":"off","x-download-options":"noopen","x-frame-options":"SAMEORIGIN","x-permitted-cross-domain-policies":"none","x-xss-protection":"0","access-control-allow-origin":"http://localhost","access-control-allow-credentials":"true","x-ratelimit-limit":"100","x-ratelimit-remaining":"99","x-ratelimit-reset":"60","content-type":"application/json; charset=utf-8","content-length":"148","date":"Fri, 21 Aug 2026 13:39:07 GMT","connection":"keep-alive"},"trailers":{},"payloadChunks":[{"type":"Buffer","data":[123,34,115,117,99,99,101,115,115,34,58,116,114,117,101,44,34,100,97,116,97,34,58,123,34,112,97,114,116,105,99,105,112,97,110,116,34,58,123,34,114,111,111,109,73,100,34,58,34,49,49,49,49,49,49,49,49,45,49,49,49,49,45,49,49,49,49,45,49,49,49,49,45,49,49,49,49,49,49,49,49,49,49,49,49,34,44,34,117,115,101,114,73,100,34,58,34,103,117,101,115,116,45,52,53,54,34,44,34,106,111,105,110,101,100,65,116,34,58,34,50,48,50,54,45,48,56,45,50,49,84,49,51,58,51,57,58,48,55,46,51,52,48,90,34,125,125,125]}]},"_promiseCallback":true,"statusCode":200,"statusMessage":"OK"},"request":{"id":"req-1","params":{"roomId":"11111111-1111-1111-1111-111111111111"},"raw":{"_events":{},"_readableState":{"highWaterMark":16384,"buffer":[],"bufferIndex":0,"length":0,"pipes":[],"awaitDrainWriters":null},"url":"/api/v1/rooms/11111111-1111-1111-1111-111111111111/join","aborted":false,"httpVersionMajor":1,"httpVersionMinor":1,"httpVersion":"1.1","method":"POST","headers":{"authorization":"Bearer eyJhbGciOiJIUzI1NiIsInR5cCI6IkpXVCJ9.eyJzdWIiOiJndWVzdC00NTYiLCJ0eXBlIjoiYWNjZXNzIiwianRpIjoiZ3Vlc3QtanRpIiwiaWF0IjoxNzg3MzE5NTQ3LCJleHAiOjE3ODczMjA0NDd9.yrn2EzlF0ojimGsI31_23rJSYUco8OG2Ze9CSfgmhI4","user-agent":"lightMyRequest","host":"localhost:80"},"rawHeaders":["authorization","Bearer eyJhbGciOiJIUzI1NiIsInR5cCI6IkpXVCJ9.eyJzdWIiOiJndWVzdC00NTYiLCJ0eXBlIjoiYWNjZXNzIiwianRpIjoiZ3Vlc3QtanRpIiwiaWF0IjoxNzg3MzE5NTQ3LCJleHAiOjE3ODczMjA0NDd9.yrn2EzlF0ojimGsI31_23rJSYUco8OG2Ze9CSfgmhI4","user-agent","lightMyRequest","host","localhost:80"],"socket":{"_events":{},"_eventsCount":0,"remoteAddress":"127.0.0.1"},"_lightMyRequest":{"payload":null,"isDone":false,"simulate":{}},"_eventsCount":2},"query":{},"log":{},"cookies":{},"corsPreflightEnabled":false,"user":{"id":"guest-456"}},"log":{},"cspNonce":null},"responseTime":11.756099998950958,"msg":"request completed"}
{"level":"info","time":1787319547370,"pid":9240,"hostname":"SiriTeja","req":{"id":"req-2","params":{"roomId":"11111111-1111-1111-1111-111111111111"},"raw":{"_events":{},"_readableState":{"highWaterMark":16384,"buffer":[],"bufferIndex":0,"length":0,"pipes":[],"awaitDrainWriters":null},"url":"/api/v1/rooms/11111111-1111-1111-1111-111111111111/join","aborted":false,"httpVersionMajor":1,"httpVersionMinor":1,"httpVersion":"1.1","method":"POST","headers":{"authorization":"Bearer eyJhbGciOiJIUzI1NiIsInR5cCI6IkpXVCJ9.eyJzdWIiOiJndWVzdC00NTYiLCJ0eXBlIjoiYWNjZXNzIiwianRpIjoiZ3Vlc3QtanRpIiwiaWF0IjoxNzg3MzE5NTQ3LCJleHAiOjE3ODczMjA0NDd9.yrn2EzlF0ojimGsI31_23rJSYUco8OG2Ze9CSfgmhI4","user-agent":"lightMyRequest","host":"localhost:80"},"rawHeaders":["authorization","Bearer eyJhbGciOiJIUzI1NiIsInR5cCI6IkpXVCJ9.eyJzdWIiOiJndWVzdC00NTYiLCJ0eXBlIjoiYWNjZXNzIiwianRpIjoiZ3Vlc3QtanRpIiwiaWF0IjoxNzg3MzE5NTQ3LCJleHAiOjE3ODczMjA0NDd9.yrn2EzlF0ojimGsI31_23rJSYUco8OG2Ze9CSfgmhI4","user-agent","lightMyRequest","host","localhost:80"],"socket":{"_events":{},"_eventsCount":0,"remoteAddress":"127.0.0.1"},"_lightMyRequest":{"payload":null,"isDone":false,"simulate":{}},"_eventsCount":2},"query":{},"log":{},"cookies":{},"corsPreflightEnabled":false},"msg":"incoming request"}
{"level":"error","time":1787319547371,"pid":9240,"hostname":"SiriTeja","reqId":"req-2","err":{"type":"AppError","message":"ROOM_FULL","stack":"Error: ROOM_FULL\n    at Function.joinRoom (D:\\Ozrit-project\\wp\\src\\modules\\participants\\participant.service.ts:28:13)\n    at processTicksAndRejections (node:internal/process/task_queues:103:5)\n    at Object.joinRoom (D:\\Ozrit-project\\wp\\src\\modules\\participants\\participant.controller.ts:10:25)","statusCode":"Room has reached maximum capacity","code":400},"reqId":"req-2","msg":"ROOM_FULL"}
{"level":"info","time":1787319547376,"pid":9240,"hostname":"SiriTeja","req":{"id":"req-2","params":{"roomId":"11111111-1111-1111-1111-111111111111"},"raw":{"_events":{},"_readableState":{"highWaterMark":16384,"buffer":[],"bufferIndex":0,"length":0,"pipes":[],"awaitDrainWriters":null},"url":"/api/v1/rooms/11111111-1111-1111-1111-111111111111/join","aborted":false,"httpVersionMajor":1,"httpVersionMinor":1,"httpVersion":"1.1","method":"POST","headers":{"authorization":"Bearer eyJhbGciOiJIUzI1NiIsInR5cCI6IkpXVCJ9.eyJzdWIiOiJndWVzdC00NTYiLCJ0eXBlIjoiYWNjZXNzIiwianRpIjoiZ3Vlc3QtanRpIiwiaWF0IjoxNzg3MzE5NTQ3LCJleHAiOjE3ODczMjA0NDd9.yrn2EzlF0ojimGsI31_23rJSYUco8OG2Ze9CSfgmhI4","user-agent":"lightMyRequest","host":"localhost:80"},"rawHeaders":["authorization","Bearer eyJhbGciOiJIUzI1NiIsInR5cCI6IkpXVCJ9.eyJzdWIiOiJndWVzdC00NTYiLCJ0eXBlIjoiYWNjZXNzIiwianRpIjoiZ3Vlc3QtanRpIiwiaWF0IjoxNzg3MzE5NTQ3LCJleHAiOjE3ODczMjA0NDd9.yrn2EzlF0ojimGsI31_23rJSYUco8OG2Ze9CSfgmhI4","user-agent","lightMyRequest","host","localhost:80"],"socket":{"_events":{},"_eventsCount":0,"remoteAddress":"127.0.0.1"},"_lightMyRequest":{"payload":null,"isDone":false,"simulate":{}},"_eventsCount":2},"query":{},"log":{},"cookies":{},"corsPreflightEnabled":false,"user":{"id":"guest-456"}},"res":{"raw":{"_events":{},"_eventsCount":2,"outputData":[],"outputSize":0,"writable":true,"destroyed":false,"_last":false,"chunkedEncoding":false,"shouldKeepAlive":true,"maxRequestsOnConnectionReached":false,"_defaultKeepAlive":true,"useChunkedEncodingByDefault":true,"sendDate":true,"_removedConnection":false,"_removedContLen":false,"_removedTE":false,"strictContentLength":false,"_contentLength":171,"_hasBody":true,"_trailer":"","finished":true,"_headerSent":true,"_closed":false,"_header":"HTTP/1.1 500 Internal Server Error\r\nContent-Security-Policy: default-src 'self';base-uri 'self';font-src 'self' https: data:;form-action 'self';frame-ancestors 'self';img-src 'self' data:;object-src 'none';script-src 'self';script-src-attr 'none';style-src 'self' https: 'unsafe-inline';upgrade-insecure-requests\r\nCross-Origin-Opener-Policy: same-origin\r\nCross-Origin-Resource-Policy: same-origin\r\nOrigin-Agent-Cluster: ?1\r\nReferrer-Policy: no-referrer\r\nStrict-Transport-Security: max-age=15552000; includeSubDomains\r\nX-Content-Type-Options: nosniff\r\nX-DNS-Prefetch-Control: off\r\nX-Download-Options: noopen\r\nX-Frame-Options: SAMEORIGIN\r\nX-Permitted-Cross-Domain-Policies: none\r\nX-XSS-Protection: 0\r\naccess-control-allow-origin: http://localhost\r\naccess-control-allow-credentials: true\r\nx-ratelimit-limit: 100\r\nx-ratelimit-remaining: 98\r\nx-ratelimit-reset: 60\r\ncontent-type: application/json; charset=utf-8\r\ncontent-length: 171\r\nDate: Fri, 21 Aug 2026 13:39:07 GMT\r\nConnection: keep-alive\r\n\r\n","_keepAliveTimeout":0,"req":{"_events":{},"_readableState":{"highWaterMark":16384,"buffer":[],"bufferIndex":0,"length":0,"pipes":[],"awaitDrainWriters":null},"url":"/api/v1/rooms/11111111-1111-1111-1111-111111111111/join","aborted":false,"httpVersionMajor":1,"httpVersionMinor":1,"httpVersion":"1.1","method":"POST","headers":{"authorization":"Bearer eyJhbGciOiJIUzI1NiIsInR5cCI6IkpXVCJ9.eyJzdWIiOiJndWVzdC00NTYiLCJ0eXBlIjoiYWNjZXNzIiwianRpIjoiZ3Vlc3QtanRpIiwiaWF0IjoxNzg3MzE5NTQ3LCJleHAiOjE3ODczMjA0NDd9.yrn2EzlF0ojimGsI31_23rJSYUco8OG2Ze9CSfgmhI4","user-agent":"lightMyRequest","host":"localhost:80"},"rawHeaders":["authorization","Bearer eyJhbGciOiJIUzI1NiIsInR5cCI6IkpXVCJ9.eyJzdWIiOiJndWVzdC00NTYiLCJ0eXBlIjoiYWNjZXNzIiwianRpIjoiZ3Vlc3QtanRpIiwiaWF0IjoxNzg3MzE5NTQ3LCJleHAiOjE3ODczMjA0NDd9.yrn2EzlF0ojimGsI31_23rJSYUco8OG2Ze9CSfgmhI4","user-agent","lightMyRequest","host","localhost:80"],"socket":{"_events":{},"_eventsCount":0,"remoteAddress":"127.0.0.1"},"_lightMyRequest":{"payload":null,"isDone":false,"simulate":{}},"_eventsCount":2},"_sent100":false,"_expect_continue":false,"_lightMyRequest":{"headers":{"content-security-policy":"default-src 'self';base-uri 'self';font-src 'self' https: data:;form-action 'self';frame-ancestors 'self';img-src 'self' data:;object-src 'none';script-src 'self';script-src-attr 'none';style-src 'self' https: 'unsafe-inline';upgrade-insecure-requests","cross-origin-opener-policy":"same-origin","cross-origin-resource-policy":"same-origin","origin-agent-cluster":"?1","referrer-policy":"no-referrer","strict-transport-security":"max-age=15552000; includeSubDomains","x-content-type-options":"nosniff","x-dns-prefetch-control":"off","x-download-options":"noopen","x-frame-options":"SAMEORIGIN","x-permitted-cross-domain-policies":"none","x-xss-protection":"0","access-control-allow-origin":"http://localhost","access-control-allow-credentials":"true","x-ratelimit-limit":"100","x-ratelimit-remaining":"98","x-ratelimit-reset":"60","content-type":"application/json; charset=utf-8","content-length":"171","date":"Fri, 21 Aug 2026 13:39:07 GMT","connection":"keep-alive"},"trailers":{},"payloadChunks":[{"type":"Buffer","data":[123,34,115,116,97,116,117,115,67,111,100,101,34,58,53,48,48,44,34,99,111,100,101,34,58,34,70,83,84,95,69,82,82,95,66,65,68,95,83,84,65,84,85,83,95,67,79,68,69,34,44,34,101,114,114,111,114,34,58,34,73,110,116,101,114,110,97,108,32,83,101,114,118,101,114,32,69,114,114,111,114,34,44,34,109,101,115,115,97,103,101,34,58,34,67,97,108,108,101,100,32,114,101,112,108,121,32,119,105,116,104,32,97,110,32,105,110,118,97,108,105,100,32,115,116,97,116,117,115,32,99,111,100,101,58,32,82,111,111,109,32,104,97,115,32,114,101,97,99,104,101,100,32,109,97,120,105,109,117,109,32,99,97,112,97,99,105,116,121,34,125]}]},"_promiseCallback":true,"statusCode":500,"statusMessage":"Internal Server Error"},"request":{"id":"req-2","params":{"roomId":"11111111-1111-1111-1111-111111111111"},"raw":{"_events":{},"_readableState":{"highWaterMark":16384,"buffer":[],"bufferIndex":0,"length":0,"pipes":[],"awaitDrainWriters":null},"url":"/api/v1/rooms/11111111-1111-1111-1111-111111111111/join","aborted":false,"httpVersionMajor":1,"httpVersionMinor":1,"httpVersion":"1.1","method":"POST","headers":{"authorization":"Bearer eyJhbGciOiJIUzI1NiIsInR5cCI6IkpXVCJ9.eyJzdWIiOiJndWVzdC00NTYiLCJ0eXBlIjoiYWNjZXNzIiwianRpIjoiZ3Vlc3QtanRpIiwiaWF0IjoxNzg3MzE5NTQ3LCJleHAiOjE3ODczMjA0NDd9.yrn2EzlF0ojimGsI31_23rJSYUco8OG2Ze9CSfgmhI4","user-agent":"lightMyRequest","host":"localhost:80"},"rawHeaders":["authorization","Bearer eyJhbGciOiJIUzI1NiIsInR5cCI6IkpXVCJ9.eyJzdWIiOiJndWVzdC00NTYiLCJ0eXBlIjoiYWNjZXNzIiwianRpIjoiZ3Vlc3QtanRpIiwiaWF0IjoxNzg3MzE5NTQ3LCJleHAiOjE3ODczMjA0NDd9.yrn2EzlF0ojimGsI31_23rJSYUco8OG2Ze9CSfgmhI4","user-agent","lightMyRequest","host","localhost:80"],"socket":{"_events":{},"_eventsCount":0,"remoteAddress":"127.0.0.1"},"_lightMyRequest":{"payload":null,"isDone":false,"simulate":{}},"_eventsCount":2},"query":{},"log":{},"cookies":{},"corsPreflightEnabled":false,"user":{"id":"guest-456"}},"log":{},"cspNonce":null},"responseTime":6.444300010800362,"msg":"request completed"}
[90mstdout[2m | tests/integration/participants.test.ts[2m > [22m[2mParticipants Module (Module 4)[2m > [22m[2mPOST /api/v1/rooms/:roomId/join[2m > [22m[2mshould fail to join if room is full[22m[39m
500 ERROR BODY: {"statusCode":500,"code":"FST_ERR_BAD_STATUS_CODE","error":"Internal Server Error","message":"Called reply with an invalid status code: Room has reached maximum capacity"}

{"level":"info","time":1787319547384,"pid":9240,"hostname":"SiriTeja","req":{"id":"req-3","params":{"roomId":"11111111-1111-1111-1111-111111111111"},"raw":{"_events":{},"_readableState":{"highWaterMark":16384,"buffer":[],"bufferIndex":0,"length":0,"pipes":[],"awaitDrainWriters":null},"url":"/api/v1/rooms/11111111-1111-1111-1111-111111111111/join","aborted":false,"httpVersionMajor":1,"httpVersionMinor":1,"httpVersion":"1.1","method":"POST","headers":{"authorization":"Bearer eyJhbGciOiJIUzI1NiIsInR5cCI6IkpXVCJ9.eyJzdWIiOiJob3N0LTEyMyIsInR5cGUiOiJhY2Nlc3MiLCJqdGkiOiJob3N0LWp0aSIsImlhdCI6MTc4NzMxOTU0NywiZXhwIjoxNzg3MzIwNDQ3fQ.cQlXkaPcH7D47vud0DTB7n57r4VIZbcJhLciA0tWaHg","user-agent":"lightMyRequest","host":"localhost:80"},"rawHeaders":["authorization","Bearer eyJhbGciOiJIUzI1NiIsInR5cCI6IkpXVCJ9.eyJzdWIiOiJob3N0LTEyMyIsInR5cGUiOiJhY2Nlc3MiLCJqdGkiOiJob3N0LWp0aSIsImlhdCI6MTc4NzMxOTU0NywiZXhwIjoxNzg3MzIwNDQ3fQ.cQlXkaPcH7D47vud0DTB7n57r4VIZbcJhLciA0tWaHg","user-agent","lightMyRequest","host","localhost:80"],"socket":{"_events":{},"_eventsCount":0,"remoteAddress":"127.0.0.1"},"_lightMyRequest":{"payload":null,"isDone":false,"simulate":{}},"_eventsCount":2},"query":{},"log":{},"cookies":{},"corsPreflightEnabled":false},"msg":"incoming request"}
{"level":"error","time":1787319547384,"pid":9240,"hostname":"SiriTeja","reqId":"req-3","err":{"type":"TypeError","message":"Cannot read properties of undefined (reading 'toISOString')","stack":"TypeError: Cannot read properties of undefined (reading 'toISOString')\n    at Function.joinRoom (D:\\Ozrit-project\\wp\\src\\modules\\participants\\participant.service.ts:37:40)\n    at processTicksAndRejections (node:internal/process/task_queues:103:5)\n    at Object.joinRoom (D:\\Ozrit-project\\wp\\src\\modules\\participants\\participant.controller.ts:10:25)"},"reqId":"req-3","msg":"Cannot read properties of undefined (reading 'toISOString')"}
{"level":"info","time":1787319547385,"pid":9240,"hostname":"SiriTeja","req":{"id":"req-3","params":{"roomId":"11111111-1111-1111-1111-111111111111"},"raw":{"_events":{},"_readableState":{"highWaterMark":16384,"buffer":[],"bufferIndex":0,"length":0,"pipes":[],"awaitDrainWriters":null},"url":"/api/v1/rooms/11111111-1111-1111-1111-111111111111/join","aborted":false,"httpVersionMajor":1,"httpVersionMinor":1,"httpVersion":"1.1","method":"POST","headers":{"authorization":"Bearer eyJhbGciOiJIUzI1NiIsInR5cCI6IkpXVCJ9.eyJzdWIiOiJob3N0LTEyMyIsInR5cGUiOiJhY2Nlc3MiLCJqdGkiOiJob3N0LWp0aSIsImlhdCI6MTc4NzMxOTU0NywiZXhwIjoxNzg3MzIwNDQ3fQ.cQlXkaPcH7D47vud0DTB7n57r4VIZbcJhLciA0tWaHg","user-agent":"lightMyRequest","host":"localhost:80"},"rawHeaders":["authorization","Bearer eyJhbGciOiJIUzI1NiIsInR5cCI6IkpXVCJ9.eyJzdWIiOiJob3N0LTEyMyIsInR5cGUiOiJhY2Nlc3MiLCJqdGkiOiJob3N0LWp0aSIsImlhdCI6MTc4NzMxOTU0NywiZXhwIjoxNzg3MzIwNDQ3fQ.cQlXkaPcH7D47vud0DTB7n57r4VIZbcJhLciA0tWaHg","user-agent","lightMyRequest","host","localhost:80"],"socket":{"_events":{},"_eventsCount":0,"remoteAddress":"127.0.0.1"},"_lightMyRequest":{"payload":null,"isDone":false,"simulate":{}},"_eventsCount":2},"query":{},"log":{},"cookies":{},"corsPreflightEnabled":false,"user":{"id":"host-123"}},"res":{"raw":{"_events":{},"_eventsCount":2,"outputData":[],"outputSize":0,"writable":true,"destroyed":false,"_last":false,"chunkedEncoding":false,"shouldKeepAlive":true,"maxRequestsOnConnectionReached":false,"_defaultKeepAlive":true,"useChunkedEncodingByDefault":true,"sendDate":true,"_removedConnection":false,"_removedContLen":false,"_removedTE":false,"strictContentLength":false,"_contentLength":99,"_hasBody":true,"_trailer":"","finished":true,"_headerSent":true,"_closed":false,"_header":"HTTP/1.1 500 Internal Server Error\r\nContent-Security-Policy: default-src 'self';base-uri 'self';font-src 'self' https: data:;form-action 'self';frame-ancestors 'self';img-src 'self' data:;object-src 'none';script-src 'self';script-src-attr 'none';style-src 'self' https: 'unsafe-inline';upgrade-insecure-requests\r\nCross-Origin-Opener-Policy: same-origin\r\nCross-Origin-Resource-Policy: same-origin\r\nOrigin-Agent-Cluster: ?1\r\nReferrer-Policy: no-referrer\r\nStrict-Transport-Security: max-age=15552000; includeSubDomains\r\nX-Content-Type-Options: nosniff\r\nX-DNS-Prefetch-Control: off\r\nX-Download-Options: noopen\r\nX-Frame-Options: SAMEORIGIN\r\nX-Permitted-Cross-Domain-Policies: none\r\nX-XSS-Protection: 0\r\naccess-control-allow-origin: http://localhost\r\naccess-control-allow-credentials: true\r\nx-ratelimit-limit: 100\r\nx-ratelimit-remaining: 97\r\nx-ratelimit-reset: 60\r\ncontent-type: application/json; charset=utf-8\r\ncontent-length: 99\r\nDate: Fri, 21 Aug 2026 13:39:07 GMT\r\nConnection: keep-alive\r\n\r\n","_keepAliveTimeout":0,"req":{"_events":{},"_readableState":{"highWaterMark":16384,"buffer":[],"bufferIndex":0,"length":0,"pipes":[],"awaitDrainWriters":null},"url":"/api/v1/rooms/11111111-1111-1111-1111-111111111111/join","aborted":false,"httpVersionMajor":1,"httpVersionMinor":1,"httpVersion":"1.1","method":"POST","headers":{"authorization":"Bearer eyJhbGciOiJIUzI1NiIsInR5cCI6IkpXVCJ9.eyJzdWIiOiJob3N0LTEyMyIsInR5cGUiOiJhY2Nlc3MiLCJqdGkiOiJob3N0LWp0aSIsImlhdCI6MTc4NzMxOTU0NywiZXhwIjoxNzg3MzIwNDQ3fQ.cQlXkaPcH7D47vud0DTB7n57r4VIZbcJhLciA0tWaHg","user-agent":"lightMyRequest","host":"localhost:80"},"rawHeaders":["authorization","Bearer eyJhbGciOiJIUzI1NiIsInR5cCI6IkpXVCJ9.eyJzdWIiOiJob3N0LTEyMyIsInR5cGUiOiJhY2Nlc3MiLCJqdGkiOiJob3N0LWp0aSIsImlhdCI6MTc4NzMxOTU0NywiZXhwIjoxNzg3MzIwNDQ3fQ.cQlXkaPcH7D47vud0DTB7n57r4VIZbcJhLciA0tWaHg","user-agent","lightMyRequest","host","localhost:80"],"socket":{"_events":{},"_eventsCount":0,"remoteAddress":"127.0.0.1"},"_lightMyRequest":{"payload":null,"isDone":false,"simulate":{}},"_eventsCount":2},"_sent100":false,"_expect_continue":false,"_lightMyRequest":{"headers":{"content-security-policy":"default-src 'self';base-uri 'self';font-src 'self' https: data:;form-action 'self';frame-ancestors 'self';img-src 'self' data:;object-src 'none';script-src 'self';script-src-attr 'none';style-src 'self' https: 'unsafe-inline';upgrade-insecure-requests","cross-origin-opener-policy":"same-origin","cross-origin-resource-policy":"same-origin","origin-agent-cluster":"?1","referrer-policy":"no-referrer","strict-transport-security":"max-age=15552000; includeSubDomains","x-content-type-options":"nosniff","x-dns-prefetch-control":"off","x-download-options":"noopen","x-frame-options":"SAMEORIGIN","x-permitted-cross-domain-policies":"none","x-xss-protection":"0","access-control-allow-origin":"http://localhost","access-control-allow-credentials":"true","x-ratelimit-limit":"100","x-ratelimit-remaining":"97","x-ratelimit-reset":"60","content-type":"application/json; charset=utf-8","content-length":"99","date":"Fri, 21 Aug 2026 13:39:07 GMT","connection":"keep-alive"},"trailers":{},"payloadChunks":[{"type":"Buffer","data":[123,34,115,117,99,99,101,115,115,34,58,102,97,108,115,101,44,34,101,114,114,111,114,34,58,123,34,99,111,100,101,34,58,34,73,78,84,69,82,78,65,76,95,83,69,82,86,69,82,95,69,82,82,79,82,34,44,34,109,101,115,115,97,103,101,34,58,34,65,110,32,117,110,101,120,112,101,99,116,101,100,32,101,114,114,111,114,32,111,99,99,117,114,114,101,100,34,125,125]}]},"_promiseCallback":true,"statusCode":500,"statusMessage":"Internal Server Error"},"request":{"id":"req-3","params":{"roomId":"11111111-1111-1111-1111-111111111111"},"raw":{"_events":{},"_readableState":{"highWaterMark":16384,"buffer":[],"bufferIndex":0,"length":0,"pipes":[],"awaitDrainWriters":null},"url":"/api/v1/rooms/11111111-1111-1111-1111-111111111111/join","aborted":false,"httpVersionMajor":1,"httpVersionMinor":1,"httpVersion":"1.1","method":"POST","headers":{"authorization":"Bearer eyJhbGciOiJIUzI1NiIsInR5cCI6IkpXVCJ9.eyJzdWIiOiJob3N0LTEyMyIsInR5cGUiOiJhY2Nlc3MiLCJqdGkiOiJob3N0LWp0aSIsImlhdCI6MTc4NzMxOTU0NywiZXhwIjoxNzg3MzIwNDQ3fQ.cQlXkaPcH7D47vud0DTB7n57r4VIZbcJhLciA0tWaHg","user-agent":"lightMyRequest","host":"localhost:80"},"rawHeaders":["authorization","Bearer eyJhbGciOiJIUzI1NiIsInR5cCI6IkpXVCJ9.eyJzdWIiOiJob3N0LTEyMyIsInR5cGUiOiJhY2Nlc3MiLCJqdGkiOiJob3N0LWp0aSIsImlhdCI6MTc4NzMxOTU0NywiZXhwIjoxNzg3MzIwNDQ3fQ.cQlXkaPcH7D47vud0DTB7n57r4VIZbcJhLciA0tWaHg","user-agent","lightMyRequest","host","localhost:80"],"socket":{"_events":{},"_eventsCount":0,"remoteAddress":"127.0.0.1"},"_lightMyRequest":{"payload":null,"isDone":false,"simulate":{}},"_eventsCount":2},"query":{},"log":{},"cookies":{},"corsPreflightEnabled":false,"user":{"id":"host-123"}},"log":{},"cspNonce":null},"responseTime":1.4072999954223633,"msg":"request completed"}
{"level":"info","time":1787319547387,"pid":9240,"hostname":"SiriTeja","req":{"id":"req-4","params":{"roomId":"11111111-1111-1111-1111-111111111111"},"raw":{"_events":{},"_readableState":{"highWaterMark":16384,"buffer":[],"bufferIndex":0,"length":0,"pipes":[],"awaitDrainWriters":null},"url":"/api/v1/rooms/11111111-1111-1111-1111-111111111111/join","aborted":false,"httpVersionMajor":1,"httpVersionMinor":1,"httpVersion":"1.1","method":"POST","headers":{"authorization":"Bearer eyJhbGciOiJIUzI1NiIsInR5cCI6IkpXVCJ9.eyJzdWIiOiJndWVzdC00NTYiLCJ0eXBlIjoiYWNjZXNzIiwianRpIjoiZ3Vlc3QtanRpIiwiaWF0IjoxNzg3MzE5NTQ3LCJleHAiOjE3ODczMjA0NDd9.yrn2EzlF0ojimGsI31_23rJSYUco8OG2Ze9CSfgmhI4","user-agent":"lightMyRequest","host":"localhost:80"},"rawHeaders":["authorization","Bearer eyJhbGciOiJIUzI1NiIsInR5cCI6IkpXVCJ9.eyJzdWIiOiJndWVzdC00NTYiLCJ0eXBlIjoiYWNjZXNzIiwianRpIjoiZ3Vlc3QtanRpIiwiaWF0IjoxNzg3MzE5NTQ3LCJleHAiOjE3ODczMjA0NDd9.yrn2EzlF0ojimGsI31_23rJSYUco8OG2Ze9CSfgmhI4","user-agent","lightMyRequest","host","localhost:80"],"socket":{"_events":{},"_eventsCount":0,"remoteAddress":"127.0.0.1"},"_lightMyRequest":{"payload":null,"isDone":false,"simulate":{}},"_eventsCount":2},"query":{},"log":{},"cookies":{},"corsPreflightEnabled":false},"msg":"incoming request"}
{"level":"error","time":1787319547387,"pid":9240,"hostname":"SiriTeja","reqId":"req-4","err":{"type":"AppError","message":"ROOM_JOIN_FORBIDDEN","stack":"Error: ROOM_JOIN_FORBIDDEN\n    at Function.joinRoom (D:\\Ozrit-project\\wp\\src\\modules\\participants\\participant.service.ts:22:13)\n    at processTicksAndRejections (node:internal/process/task_queues:103:5)\n    at Object.joinRoom (D:\\Ozrit-project\\wp\\src\\modules\\participants\\participant.controller.ts:10:25)","statusCode":"You are not authorized to join this private room","code":403},"reqId":"req-4","msg":"ROOM_JOIN_FORBIDDEN"}
{"level":"info","time":1787319547388,"pid":9240,"hostname":"SiriTeja","req":{"id":"req-4","params":{"roomId":"11111111-1111-1111-1111-111111111111"},"raw":{"_events":{},"_readableState":{"highWaterMark":16384,"buffer":[],"bufferIndex":0,"length":0,"pipes":[],"awaitDrainWriters":null},"url":"/api/v1/rooms/11111111-1111-1111-1111-111111111111/join","aborted":false,"httpVersionMajor":1,"httpVersionMinor":1,"httpVersion":"1.1","method":"POST","headers":{"authorization":"Bearer eyJhbGciOiJIUzI1NiIsInR5cCI6IkpXVCJ9.eyJzdWIiOiJndWVzdC00NTYiLCJ0eXBlIjoiYWNjZXNzIiwianRpIjoiZ3Vlc3QtanRpIiwiaWF0IjoxNzg3MzE5NTQ3LCJleHAiOjE3ODczMjA0NDd9.yrn2EzlF0ojimGsI31_23rJSYUco8OG2Ze9CSfgmhI4","user-agent":"lightMyRequest","host":"localhost:80"},"rawHeaders":["authorization","Bearer eyJhbGciOiJIUzI1NiIsInR5cCI6IkpXVCJ9.eyJzdWIiOiJndWVzdC00NTYiLCJ0eXBlIjoiYWNjZXNzIiwianRpIjoiZ3Vlc3QtanRpIiwiaWF0IjoxNzg3MzE5NTQ3LCJleHAiOjE3ODczMjA0NDd9.yrn2EzlF0ojimGsI31_23rJSYUco8OG2Ze9CSfgmhI4","user-agent","lightMyRequest","host","localhost:80"],"socket":{"_events":{},"_eventsCount":0,"remoteAddress":"127.0.0.1"},"_lightMyRequest":{"payload":null,"isDone":false,"simulate":{}},"_eventsCount":2},"query":{},"log":{},"cookies":{},"corsPreflightEnabled":false,"user":{"id":"guest-456"}},"res":{"raw":{"_events":{},"_eventsCount":2,"outputData":[],"outputSize":0,"writable":true,"destroyed":false,"_last":false,"chunkedEncoding":false,"shouldKeepAlive":true,"maxRequestsOnConnectionReached":false,"_defaultKeepAlive":true,"useChunkedEncodingByDefault":true,"sendDate":true,"_removedConnection":false,"_removedContLen":false,"_removedTE":false,"strictContentLength":false,"_contentLength":186,"_hasBody":true,"_trailer":"","finished":true,"_headerSent":true,"_closed":false,"_header":"HTTP/1.1 500 Internal Server Error\r\nContent-Security-Policy: default-src 'self';base-uri 'self';font-src 'self' https: data:;form-action 'self';frame-ancestors 'self';img-src 'self' data:;object-src 'none';script-src 'self';script-src-attr 'none';style-src 'self' https: 'unsafe-inline';upgrade-insecure-requests\r\nCross-Origin-Opener-Policy: same-origin\r\nCross-Origin-Resource-Policy: same-origin\r\nOrigin-Agent-Cluster: ?1\r\nReferrer-Policy: no-referrer\r\nStrict-Transport-Security: max-age=15552000; includeSubDomains\r\nX-Content-Type-Options: nosniff\r\nX-DNS-Prefetch-Control: off\r\nX-Download-Options: noopen\r\nX-Frame-Options: SAMEORIGIN\r\nX-Permitted-Cross-Domain-Policies: none\r\nX-XSS-Protection: 0\r\naccess-control-allow-origin: http://localhost\r\naccess-control-allow-credentials: true\r\nx-ratelimit-limit: 100\r\nx-ratelimit-remaining: 96\r\nx-ratelimit-reset: 60\r\ncontent-type: application/json; charset=utf-8\r\ncontent-length: 186\r\nDate: Fri, 21 Aug 2026 13:39:07 GMT\r\nConnection: keep-alive\r\n\r\n","_keepAliveTimeout":0,"req":{"_events":{},"_readableState":{"highWaterMark":16384,"buffer":[],"bufferIndex":0,"length":0,"pipes":[],"awaitDrainWriters":null},"url":"/api/v1/rooms/11111111-1111-1111-1111-111111111111/join","aborted":false,"httpVersionMajor":1,"httpVersionMinor":1,"httpVersion":"1.1","method":"POST","headers":{"authorization":"Bearer eyJhbGciOiJIUzI1NiIsInR5cCI6IkpXVCJ9.eyJzdWIiOiJndWVzdC00NTYiLCJ0eXBlIjoiYWNjZXNzIiwianRpIjoiZ3Vlc3QtanRpIiwiaWF0IjoxNzg3MzE5NTQ3LCJleHAiOjE3ODczMjA0NDd9.yrn2EzlF0ojimGsI31_23rJSYUco8OG2Ze9CSfgmhI4","user-agent":"lightMyRequest","host":"localhost:80"},"rawHeaders":["authorization","Bearer eyJhbGciOiJIUzI1NiIsInR5cCI6IkpXVCJ9.eyJzdWIiOiJndWVzdC00NTYiLCJ0eXBlIjoiYWNjZXNzIiwianRpIjoiZ3Vlc3QtanRpIiwiaWF0IjoxNzg3MzE5NTQ3LCJleHAiOjE3ODczMjA0NDd9.yrn2EzlF0ojimGsI31_23rJSYUco8OG2Ze9CSfgmhI4","user-agent","lightMyRequest","host","localhost:80"],"socket":{"_events":{},"_eventsCount":0,"remoteAddress":"127.0.0.1"},"_lightMyRequest":{"payload":null,"isDone":false,"simulate":{}},"_eventsCount":2},"_sent100":false,"_expect_continue":false,"_lightMyRequest":{"headers":{"content-security-policy":"default-src 'self';base-uri 'self';font-src 'self' https: data:;form-action 'self';frame-ancestors 'self';img-src 'self' data:;object-src 'none';script-src 'self';script-src-attr 'none';style-src 'self' https: 'unsafe-inline';upgrade-insecure-requests","cross-origin-opener-policy":"same-origin","cross-origin-resource-policy":"same-origin","origin-agent-cluster":"?1","referrer-policy":"no-referrer","strict-transport-security":"max-age=15552000; includeSubDomains","x-content-type-options":"nosniff","x-dns-prefetch-control":"off","x-download-options":"noopen","x-frame-options":"SAMEORIGIN","x-permitted-cross-domain-policies":"none","x-xss-protection":"0","access-control-allow-origin":"http://localhost","access-control-allow-credentials":"true","x-ratelimit-limit":"100","x-ratelimit-remaining":"96","x-ratelimit-reset":"60","content-type":"application/json; charset=utf-8","content-length":"186","date":"Fri, 21 Aug 2026 13:39:07 GMT","connection":"keep-alive"},"trailers":{},"payloadChunks":[{"type":"Buffer","data":[123,34,115,116,97,116,117,115,67,111,100,101,34,58,53,48,48,44,34,99,111,100,101,34,58,34,70,83,84,95,69,82,82,95,66,65,68,95,83,84,65,84,85,83,95,67,79,68,69,34,44,34,101,114,114,111,114,34,58,34,73,110,116,101,114,110,97,108,32,83,101,114,118,101,114,32,69,114,114,111,114,34,44,34,109,101,115,115,97,103,101,34,58,34,67,97,108,108,101,100,32,114,101,112,108,121,32,119,105,116,104,32,97,110,32,105,110,118,97,108,105,100,32,115,116,97,116,117,115,32,99,111,100,101,58,32,89,111,117,32,97,114,101,32,110,111,116,32,97,117,116,104,111,114,105,122,101,100,32,116,111,32,106,111,105,110,32,116,104,105,115,32,112,114,105,118,97,116,101,32,114,111,111,109,34,125]}]},"_promiseCallback":true,"statusCode":500,"statusMessage":"Internal Server Error"},"request":{"id":"req-4","params":{"roomId":"11111111-1111-1111-1111-111111111111"},"raw":{"_events":{},"_readableState":{"highWaterMark":16384,"buffer":[],"bufferIndex":0,"length":0,"pipes":[],"awaitDrainWriters":null},"url":"/api/v1/rooms/11111111-1111-1111-1111-111111111111/join","aborted":false,"httpVersionMajor":1,"httpVersionMinor":1,"httpVersion":"1.1","method":"POST","headers":{"authorization":"Bearer eyJhbGciOiJIUzI1NiIsInR5cCI6IkpXVCJ9.eyJzdWIiOiJndWVzdC00NTYiLCJ0eXBlIjoiYWNjZXNzIiwianRpIjoiZ3Vlc3QtanRpIiwiaWF0IjoxNzg3MzE5NTQ3LCJleHAiOjE3ODczMjA0NDd9.yrn2EzlF0ojimGsI31_23rJSYUco8OG2Ze9CSfgmhI4","user-agent":"lightMyRequest","host":"localhost:80"},"rawHeaders":["authorization","Bearer eyJhbGciOiJIUzI1NiIsInR5cCI6IkpXVCJ9.eyJzdWIiOiJndWVzdC00NTYiLCJ0eXBlIjoiYWNjZXNzIiwianRpIjoiZ3Vlc3QtanRpIiwiaWF0IjoxNzg3MzE5NTQ3LCJleHAiOjE3ODczMjA0NDd9.yrn2EzlF0ojimGsI31_23rJSYUco8OG2Ze9CSfgmhI4","user-agent","lightMyRequest","host","localhost:80"],"socket":{"_events":{},"_eventsCount":0,"remoteAddress":"127.0.0.1"},"_lightMyRequest":{"payload":null,"isDone":false,"simulate":{}},"_eventsCount":2},"query":{},"log":{},"cookies":{},"corsPreflightEnabled":false,"user":{"id":"guest-456"}},"log":{},"cspNonce":null},"responseTime":1.383200004696846,"msg":"request completed"}
{"level":"info","time":1787319547390,"pid":9240,"hostname":"SiriTeja","req":{"id":"req-5","params":{"roomId":"11111111-1111-1111-1111-111111111111"},"raw":{"_events":{},"_readableState":{"highWaterMark":16384,"buffer":[],"bufferIndex":0,"length":0,"pipes":[],"awaitDrainWriters":null},"url":"/api/v1/rooms/11111111-1111-1111-1111-111111111111/join","aborted":false,"httpVersionMajor":1,"httpVersionMinor":1,"httpVersion":"1.1","method":"POST","headers":{"authorization":"Bearer eyJhbGciOiJIUzI1NiIsInR5cCI6IkpXVCJ9.eyJzdWIiOiJndWVzdC00NTYiLCJ0eXBlIjoiYWNjZXNzIiwianRpIjoiZ3Vlc3QtanRpIiwiaWF0IjoxNzg3MzE5NTQ3LCJleHAiOjE3ODczMjA0NDd9.yrn2EzlF0ojimGsI31_23rJSYUco8OG2Ze9CSfgmhI4","user-agent":"lightMyRequest","host":"localhost:80"},"rawHeaders":["authorization","Bearer eyJhbGciOiJIUzI1NiIsInR5cCI6IkpXVCJ9.eyJzdWIiOiJndWVzdC00NTYiLCJ0eXBlIjoiYWNjZXNzIiwianRpIjoiZ3Vlc3QtanRpIiwiaWF0IjoxNzg3MzE5NTQ3LCJleHAiOjE3ODczMjA0NDd9.yrn2EzlF0ojimGsI31_23rJSYUco8OG2Ze9CSfgmhI4","user-agent","lightMyRequest","host","localhost:80"],"socket":{"_events":{},"_eventsCount":0,"remoteAddress":"127.0.0.1"},"_lightMyRequest":{"payload":null,"isDone":false,"simulate":{}},"_eventsCount":2},"query":{},"log":{},"cookies":{},"corsPreflightEnabled":false},"msg":"incoming request"}
{"level":"info","time":1787319547391,"pid":9240,"hostname":"SiriTeja","req":{"id":"req-5","params":{"roomId":"11111111-1111-1111-1111-111111111111"},"raw":{"_events":{},"_readableState":{"highWaterMark":16384,"buffer":[],"bufferIndex":0,"length":0,"pipes":[],"awaitDrainWriters":null},"url":"/api/v1/rooms/11111111-1111-1111-1111-111111111111/join","aborted":false,"httpVersionMajor":1,"httpVersionMinor":1,"httpVersion":"1.1","method":"POST","headers":{"authorization":"Bearer eyJhbGciOiJIUzI1NiIsInR5cCI6IkpXVCJ9.eyJzdWIiOiJndWVzdC00NTYiLCJ0eXBlIjoiYWNjZXNzIiwianRpIjoiZ3Vlc3QtanRpIiwiaWF0IjoxNzg3MzE5NTQ3LCJleHAiOjE3ODczMjA0NDd9.yrn2EzlF0ojimGsI31_23rJSYUco8OG2Ze9CSfgmhI4","user-agent":"lightMyRequest","host":"localhost:80"},"rawHeaders":["authorization","Bearer eyJhbGciOiJIUzI1NiIsInR5cCI6IkpXVCJ9.eyJzdWIiOiJndWVzdC00NTYiLCJ0eXBlIjoiYWNjZXNzIiwianRpIjoiZ3Vlc3QtanRpIiwiaWF0IjoxNzg3MzE5NTQ3LCJleHAiOjE3ODczMjA0NDd9.yrn2EzlF0ojimGsI31_23rJSYUco8OG2Ze9CSfgmhI4","user-agent","lightMyRequest","host","localhost:80"],"socket":{"_events":{},"_eventsCount":0,"remoteAddress":"127.0.0.1"},"_lightMyRequest":{"payload":null,"isDone":false,"simulate":{}},"_eventsCount":2},"query":{},"log":{},"cookies":{},"corsPreflightEnabled":false,"user":{"id":"guest-456"}},"res":{"raw":{"_events":{},"_eventsCount":2,"outputData":[],"outputSize":0,"writable":true,"destroyed":false,"_last":false,"chunkedEncoding":false,"shouldKeepAlive":true,"maxRequestsOnConnectionReached":false,"_defaultKeepAlive":true,"useChunkedEncodingByDefault":true,"sendDate":true,"_removedConnection":false,"_removedContLen":false,"_removedTE":false,"strictContentLength":false,"_contentLength":42,"_hasBody":true,"_trailer":"","finished":true,"_headerSent":true,"_closed":false,"_header":"HTTP/1.1 200 OK\r\nContent-Security-Policy: default-src 'self';base-uri 'self';font-src 'self' https: data:;form-action 'self';frame-ancestors 'self';img-src 'self' data:;object-src 'none';script-src 'self';script-src-attr 'none';style-src 'self' https: 'unsafe-inline';upgrade-insecure-requests\r\nCross-Origin-Opener-Policy: same-origin\r\nCross-Origin-Resource-Policy: same-origin\r\nOrigin-Agent-Cluster: ?1\r\nReferrer-Policy: no-referrer\r\nStrict-Transport-Security: max-age=15552000; includeSubDomains\r\nX-Content-Type-Options: nosniff\r\nX-DNS-Prefetch-Control: off\r\nX-Download-Options: noopen\r\nX-Frame-Options: SAMEORIGIN\r\nX-Permitted-Cross-Domain-Policies: none\r\nX-XSS-Protection: 0\r\naccess-control-allow-origin: http://localhost\r\naccess-control-allow-credentials: true\r\nx-ratelimit-limit: 100\r\nx-ratelimit-remaining: 95\r\nx-ratelimit-reset: 60\r\ncontent-type: application/json; charset=utf-8\r\ncontent-length: 42\r\nDate: Fri, 21 Aug 2026 13:39:07 GMT\r\nConnection: keep-alive\r\n\r\n","_keepAliveTimeout":0,"req":{"_events":{},"_readableState":{"highWaterMark":16384,"buffer":[],"bufferIndex":0,"length":0,"pipes":[],"awaitDrainWriters":null},"url":"/api/v1/rooms/11111111-1111-1111-1111-111111111111/join","aborted":false,"httpVersionMajor":1,"httpVersionMinor":1,"httpVersion":"1.1","method":"POST","headers":{"authorization":"Bearer eyJhbGciOiJIUzI1NiIsInR5cCI6IkpXVCJ9.eyJzdWIiOiJndWVzdC00NTYiLCJ0eXBlIjoiYWNjZXNzIiwianRpIjoiZ3Vlc3QtanRpIiwiaWF0IjoxNzg3MzE5NTQ3LCJleHAiOjE3ODczMjA0NDd9.yrn2EzlF0ojimGsI31_23rJSYUco8OG2Ze9CSfgmhI4","user-agent":"lightMyRequest","host":"localhost:80"},"rawHeaders":["authorization","Bearer eyJhbGciOiJIUzI1NiIsInR5cCI6IkpXVCJ9.eyJzdWIiOiJndWVzdC00NTYiLCJ0eXBlIjoiYWNjZXNzIiwianRpIjoiZ3Vlc3QtanRpIiwiaWF0IjoxNzg3MzE5NTQ3LCJleHAiOjE3ODczMjA0NDd9.yrn2EzlF0ojimGsI31_23rJSYUco8OG2Ze9CSfgmhI4","user-agent","lightMyRequest","host","localhost:80"],"socket":{"_events":{},"_eventsCount":0,"remoteAddress":"127.0.0.1"},"_lightMyRequest":{"payload":null,"isDone":false,"simulate":{}},"_eventsCount":2},"_sent100":false,"_expect_continue":false,"_lightMyRequest":{"headers":{"content-security-policy":"default-src 'self';base-uri 'self';font-src 'self' https: data:;form-action 'self';frame-ancestors 'self';img-src 'self' data:;object-src 'none';script-src 'self';script-src-attr 'none';style-src 'self' https: 'unsafe-inline';upgrade-insecure-requests","cross-origin-opener-policy":"same-origin","cross-origin-resource-policy":"same-origin","origin-agent-cluster":"?1","referrer-policy":"no-referrer","strict-transport-security":"max-age=15552000; includeSubDomains","x-content-type-options":"nosniff","x-dns-prefetch-control":"off","x-download-options":"noopen","x-frame-options":"SAMEORIGIN","x-permitted-cross-domain-policies":"none","x-xss-protection":"0","access-control-allow-origin":"http://localhost","access-control-allow-credentials":"true","x-ratelimit-limit":"100","x-ratelimit-remaining":"95","x-ratelimit-reset":"60","content-type":"application/json; charset=utf-8","content-length":"42","date":"Fri, 21 Aug 2026 13:39:07 GMT","connection":"keep-alive"},"trailers":{},"payloadChunks":[{"type":"Buffer","data":[123,34,115,117,99,99,101,115,115,34,58,116,114,117,101,44,34,100,97,116,97,34,58,123,34,112,97,114,116,105,99,105,112,97,110,116,34,58,123,125,125,125]}]},"_promiseCallback":true,"statusCode":200,"statusMessage":"OK"},"request":{"id":"req-5","params":{"roomId":"11111111-1111-1111-1111-111111111111"},"raw":{"_events":{},"_readableState":{"highWaterMark":16384,"buffer":[],"bufferIndex":0,"length":0,"pipes":[],"awaitDrainWriters":null},"url":"/api/v1/rooms/11111111-1111-1111-1111-111111111111/join","aborted":false,"httpVersionMajor":1,"httpVersionMinor":1,"httpVersion":"1.1","method":"POST","headers":{"authorization":"Bearer eyJhbGciOiJIUzI1NiIsInR5cCI6IkpXVCJ9.eyJzdWIiOiJndWVzdC00NTYiLCJ0eXBlIjoiYWNjZXNzIiwianRpIjoiZ3Vlc3QtanRpIiwiaWF0IjoxNzg3MzE5NTQ3LCJleHAiOjE3ODczMjA0NDd9.yrn2EzlF0ojimGsI31_23rJSYUco8OG2Ze9CSfgmhI4","user-agent":"lightMyRequest","host":"localhost:80"},"rawHeaders":["authorization","Bearer eyJhbGciOiJIUzI1NiIsInR5cCI6IkpXVCJ9.eyJzdWIiOiJndWVzdC00NTYiLCJ0eXBlIjoiYWNjZXNzIiwianRpIjoiZ3Vlc3QtanRpIiwiaWF0IjoxNzg3MzE5NTQ3LCJleHAiOjE3ODczMjA0NDd9.yrn2EzlF0ojimGsI31_23rJSYUco8OG2Ze9CSfgmhI4","user-agent","lightMyRequest","host","localhost:80"],"socket":{"_events":{},"_eventsCount":0,"remoteAddress":"127.0.0.1"},"_lightMyRequest":{"payload":null,"isDone":false,"simulate":{}},"_eventsCount":2},"query":{},"log":{},"cookies":{},"corsPreflightEnabled":false,"user":{"id":"guest-456"}},"log":{},"cspNonce":null},"responseTime":1.1256999969482422,"msg":"request completed"}
{"level":"info","time":1787319547393,"pid":9240,"hostname":"SiriTeja","req":{"id":"req-6","params":{"roomId":"11111111-1111-1111-1111-111111111111"},"raw":{"_events":{},"_readableState":{"highWaterMark":16384,"buffer":[],"bufferIndex":0,"length":0,"pipes":[],"awaitDrainWriters":null},"url":"/api/v1/rooms/11111111-1111-1111-1111-111111111111/leave","aborted":false,"httpVersionMajor":1,"httpVersionMinor":1,"httpVersion":"1.1","method":"POST","headers":{"authorization":"Bearer eyJhbGciOiJIUzI1NiIsInR5cCI6IkpXVCJ9.eyJzdWIiOiJndWVzdC00NTYiLCJ0eXBlIjoiYWNjZXNzIiwianRpIjoiZ3Vlc3QtanRpIiwiaWF0IjoxNzg3MzE5NTQ3LCJleHAiOjE3ODczMjA0NDd9.yrn2EzlF0ojimGsI31_23rJSYUco8OG2Ze9CSfgmhI4","user-agent":"lightMyRequest","host":"localhost:80"},"rawHeaders":["authorization","Bearer eyJhbGciOiJIUzI1NiIsInR5cCI6IkpXVCJ9.eyJzdWIiOiJndWVzdC00NTYiLCJ0eXBlIjoiYWNjZXNzIiwianRpIjoiZ3Vlc3QtanRpIiwiaWF0IjoxNzg3MzE5NTQ3LCJleHAiOjE3ODczMjA0NDd9.yrn2EzlF0ojimGsI31_23rJSYUco8OG2Ze9CSfgmhI4","user-agent","lightMyRequest","host","localhost:80"],"socket":{"_events":{},"_eventsCount":0,"remoteAddress":"127.0.0.1"},"_lightMyRequest":{"payload":null,"isDone":false,"simulate":{}},"_eventsCount":2},"query":{},"log":{},"cookies":{},"corsPreflightEnabled":false},"msg":"incoming request"}
{"level":"info","time":1787319547394,"pid":9240,"hostname":"SiriTeja","req":{"id":"req-6","params":{"roomId":"11111111-1111-1111-1111-111111111111"},"raw":{"_events":{},"_readableState":{"highWaterMark":16384,"buffer":[],"bufferIndex":0,"length":0,"pipes":[],"awaitDrainWriters":null},"url":"/api/v1/rooms/11111111-1111-1111-1111-111111111111/leave","aborted":false,"httpVersionMajor":1,"httpVersionMinor":1,"httpVersion":"1.1","method":"POST","headers":{"authorization":"Bearer eyJhbGciOiJIUzI1NiIsInR5cCI6IkpXVCJ9.eyJzdWIiOiJndWVzdC00NTYiLCJ0eXBlIjoiYWNjZXNzIiwianRpIjoiZ3Vlc3QtanRpIiwiaWF0IjoxNzg3MzE5NTQ3LCJleHAiOjE3ODczMjA0NDd9.yrn2EzlF0ojimGsI31_23rJSYUco8OG2Ze9CSfgmhI4","user-agent":"lightMyRequest","host":"localhost:80"},"rawHeaders":["authorization","Bearer eyJhbGciOiJIUzI1NiIsInR5cCI6IkpXVCJ9.eyJzdWIiOiJndWVzdC00NTYiLCJ0eXBlIjoiYWNjZXNzIiwianRpIjoiZ3Vlc3QtanRpIiwiaWF0IjoxNzg3MzE5NTQ3LCJleHAiOjE3ODczMjA0NDd9.yrn2EzlF0ojimGsI31_23rJSYUco8OG2Ze9CSfgmhI4","user-agent","lightMyRequest","host","localhost:80"],"socket":{"_events":{},"_eventsCount":0,"remoteAddress":"127.0.0.1"},"_lightMyRequest":{"payload":null,"isDone":false,"simulate":{}},"_eventsCount":2},"query":{},"log":{},"cookies":{},"corsPreflightEnabled":false,"user":{"id":"guest-456"}},"res":{"raw":{"_events":{},"_eventsCount":2,"outputData":[],"outputSize":0,"writable":true,"destroyed":false,"_last":false,"chunkedEncoding":false,"shouldKeepAlive":true,"maxRequestsOnConnectionReached":false,"_defaultKeepAlive":true,"useChunkedEncodingByDefault":true,"sendDate":true,"_removedConnection":false,"_removedContLen":false,"_removedTE":false,"strictContentLength":false,"_contentLength":51,"_hasBody":true,"_trailer":"","finished":true,"_headerSent":true,"_closed":false,"_header":"HTTP/1.1 200 OK\r\nContent-Security-Policy: default-src 'self';base-uri 'self';font-src 'self' https: data:;form-action 'self';frame-ancestors 'self';img-src 'self' data:;object-src 'none';script-src 'self';script-src-attr 'none';style-src 'self' https: 'unsafe-inline';upgrade-insecure-requests\r\nCross-Origin-Opener-Policy: same-origin\r\nCross-Origin-Resource-Policy: same-origin\r\nOrigin-Agent-Cluster: ?1\r\nReferrer-Policy: no-referrer\r\nStrict-Transport-Security: max-age=15552000; includeSubDomains\r\nX-Content-Type-Options: nosniff\r\nX-DNS-Prefetch-Control: off\r\nX-Download-Options: noopen\r\nX-Frame-Options: SAMEORIGIN\r\nX-Permitted-Cross-Domain-Policies: none\r\nX-XSS-Protection: 0\r\naccess-control-allow-origin: http://localhost\r\naccess-control-allow-credentials: true\r\nx-ratelimit-limit: 100\r\nx-ratelimit-remaining: 94\r\nx-ratelimit-reset: 60\r\ncontent-type: application/json; charset=utf-8\r\ncontent-length: 51\r\nDate: Fri, 21 Aug 2026 13:39:07 GMT\r\nConnection: keep-alive\r\n\r\n","_keepAliveTimeout":0,"req":{"_events":{},"_readableState":{"highWaterMark":16384,"buffer":[],"bufferIndex":0,"length":0,"pipes":[],"awaitDrainWriters":null},"url":"/api/v1/rooms/11111111-1111-1111-1111-111111111111/leave","aborted":false,"httpVersionMajor":1,"httpVersionMinor":1,"httpVersion":"1.1","method":"POST","headers":{"authorization":"Bearer eyJhbGciOiJIUzI1NiIsInR5cCI6IkpXVCJ9.eyJzdWIiOiJndWVzdC00NTYiLCJ0eXBlIjoiYWNjZXNzIiwianRpIjoiZ3Vlc3QtanRpIiwiaWF0IjoxNzg3MzE5NTQ3LCJleHAiOjE3ODczMjA0NDd9.yrn2EzlF0ojimGsI31_23rJSYUco8OG2Ze9CSfgmhI4","user-agent":"lightMyRequest","host":"localhost:80"},"rawHeaders":["authorization","Bearer eyJhbGciOiJIUzI1NiIsInR5cCI6IkpXVCJ9.eyJzdWIiOiJndWVzdC00NTYiLCJ0eXBlIjoiYWNjZXNzIiwianRpIjoiZ3Vlc3QtanRpIiwiaWF0IjoxNzg3MzE5NTQ3LCJleHAiOjE3ODczMjA0NDd9.yrn2EzlF0ojimGsI31_23rJSYUco8OG2Ze9CSfgmhI4","user-agent","lightMyRequest","host","localhost:80"],"socket":{"_events":{},"_eventsCount":0,"remoteAddress":"127.0.0.1"},"_lightMyRequest":{"payload":null,"isDone":false,"simulate":{}},"_eventsCount":2},"_sent100":false,"_expect_continue":false,"_lightMyRequest":{"headers":{"content-security-policy":"default-src 'self';base-uri 'self';font-src 'self' https: data:;form-action 'self';frame-ancestors 'self';img-src 'self' data:;object-src 'none';script-src 'self';script-src-attr 'none';style-src 'self' https: 'unsafe-inline';upgrade-insecure-requests","cross-origin-opener-policy":"same-origin","cross-origin-resource-policy":"same-origin","origin-agent-cluster":"?1","referrer-policy":"no-referrer","strict-transport-security":"max-age=15552000; includeSubDomains","x-content-type-options":"nosniff","x-dns-prefetch-control":"off","x-download-options":"noopen","x-frame-options":"SAMEORIGIN","x-permitted-cross-domain-policies":"none","x-xss-protection":"0","access-control-allow-origin":"http://localhost","access-control-allow-credentials":"true","x-ratelimit-limit":"100","x-ratelimit-remaining":"94","x-ratelimit-reset":"60","content-type":"application/json; charset=utf-8","content-length":"51","date":"Fri, 21 Aug 2026 13:39:07 GMT","connection":"keep-alive"},"trailers":{},"payloadChunks":[{"type":"Buffer","data":[123,34,115,117,99,99,101,115,115,34,58,116,114,117,101,44,34,109,101,115,115,97,103,101,34,58,34,76,101,102,116,32,114,111,111,109,32,115,117,99,99,101,115,115,102,117,108,108,121,34,125]}]},"_promiseCallback":true,"statusCode":200,"statusMessage":"OK"},"request":{"id":"req-6","params":{"roomId":"11111111-1111-1111-1111-111111111111"},"raw":{"_events":{},"_readableState":{"highWaterMark":16384,"buffer":[],"bufferIndex":0,"length":0,"pipes":[],"awaitDrainWriters":null},"url":"/api/v1/rooms/11111111-1111-1111-1111-111111111111/leave","aborted":false,"httpVersionMajor":1,"httpVersionMinor":1,"httpVersion":"1.1","method":"POST","headers":{"authorization":"Bearer eyJhbGciOiJIUzI1NiIsInR5cCI6IkpXVCJ9.eyJzdWIiOiJndWVzdC00NTYiLCJ0eXBlIjoiYWNjZXNzIiwianRpIjoiZ3Vlc3QtanRpIiwiaWF0IjoxNzg3MzE5NTQ3LCJleHAiOjE3ODczMjA0NDd9.yrn2EzlF0ojimGsI31_23rJSYUco8OG2Ze9CSfgmhI4","user-agent":"lightMyRequest","host":"localhost:80"},"rawHeaders":["authorization","Bearer eyJhbGciOiJIUzI1NiIsInR5cCI6IkpXVCJ9.eyJzdWIiOiJndWVzdC00NTYiLCJ0eXBlIjoiYWNjZXNzIiwianRpIjoiZ3Vlc3QtanRpIiwiaWF0IjoxNzg3MzE5NTQ3LCJleHAiOjE3ODczMjA0NDd9.yrn2EzlF0ojimGsI31_23rJSYUco8OG2Ze9CSfgmhI4","user-agent","lightMyRequest","host","localhost:80"],"socket":{"_events":{},"_eventsCount":0,"remoteAddress":"127.0.0.1"},"_lightMyRequest":{"payload":null,"isDone":false,"simulate":{}},"_eventsCount":2},"query":{},"log":{},"cookies":{},"corsPreflightEnabled":false,"user":{"id":"guest-456"}},"log":{},"cspNonce":null},"responseTime":0.9493999928236008,"msg":"request completed"}
{"level":"info","time":1787319547395,"pid":9240,"hostname":"SiriTeja","req":{"id":"req-7","params":{"roomId":"11111111-1111-1111-1111-111111111111"},"raw":{"_events":{},"_readableState":{"highWaterMark":16384,"buffer":[],"bufferIndex":0,"length":0,"pipes":[],"awaitDrainWriters":null},"url":"/api/v1/rooms/11111111-1111-1111-1111-111111111111/leave","aborted":false,"httpVersionMajor":1,"httpVersionMinor":1,"httpVersion":"1.1","method":"POST","headers":{"authorization":"Bearer eyJhbGciOiJIUzI1NiIsInR5cCI6IkpXVCJ9.eyJzdWIiOiJndWVzdC00NTYiLCJ0eXBlIjoiYWNjZXNzIiwianRpIjoiZ3Vlc3QtanRpIiwiaWF0IjoxNzg3MzE5NTQ3LCJleHAiOjE3ODczMjA0NDd9.yrn2EzlF0ojimGsI31_23rJSYUco8OG2Ze9CSfgmhI4","user-agent":"lightMyRequest","host":"localhost:80"},"rawHeaders":["authorization","Bearer eyJhbGciOiJIUzI1NiIsInR5cCI6IkpXVCJ9.eyJzdWIiOiJndWVzdC00NTYiLCJ0eXBlIjoiYWNjZXNzIiwianRpIjoiZ3Vlc3QtanRpIiwiaWF0IjoxNzg3MzE5NTQ3LCJleHAiOjE3ODczMjA0NDd9.yrn2EzlF0ojimGsI31_23rJSYUco8OG2Ze9CSfgmhI4","user-agent","lightMyRequest","host","localhost:80"],"socket":{"_events":{},"_eventsCount":0,"remoteAddress":"127.0.0.1"},"_lightMyRequest":{"payload":null,"isDone":false,"simulate":{}},"_eventsCount":2},"query":{},"log":{},"cookies":{},"corsPreflightEnabled":false},"msg":"incoming request"}
{"level":"info","time":1787319547396,"pid":9240,"hostname":"SiriTeja","req":{"id":"req-7","params":{"roomId":"11111111-1111-1111-1111-111111111111"},"raw":{"_events":{},"_readableState":{"highWaterMark":16384,"buffer":[],"bufferIndex":0,"length":0,"pipes":[],"awaitDrainWriters":null},"url":"/api/v1/rooms/11111111-1111-1111-1111-111111111111/leave","aborted":false,"httpVersionMajor":1,"httpVersionMinor":1,"httpVersion":"1.1","method":"POST","headers":{"authorization":"Bearer eyJhbGciOiJIUzI1NiIsInR5cCI6IkpXVCJ9.eyJzdWIiOiJndWVzdC00NTYiLCJ0eXBlIjoiYWNjZXNzIiwianRpIjoiZ3Vlc3QtanRpIiwiaWF0IjoxNzg3MzE5NTQ3LCJleHAiOjE3ODczMjA0NDd9.yrn2EzlF0ojimGsI31_23rJSYUco8OG2Ze9CSfgmhI4","user-agent":"lightMyRequest","host":"localhost:80"},"rawHeaders":["authorization","Bearer eyJhbGciOiJIUzI1NiIsInR5cCI6IkpXVCJ9.eyJzdWIiOiJndWVzdC00NTYiLCJ0eXBlIjoiYWNjZXNzIiwianRpIjoiZ3Vlc3QtanRpIiwiaWF0IjoxNzg3MzE5NTQ3LCJleHAiOjE3ODczMjA0NDd9.yrn2EzlF0ojimGsI31_23rJSYUco8OG2Ze9CSfgmhI4","user-agent","lightMyRequest","host","localhost:80"],"socket":{"_events":{},"_eventsCount":0,"remoteAddress":"127.0.0.1"},"_lightMyRequest":{"payload":null,"isDone":false,"simulate":{}},"_eventsCount":2},"query":{},"log":{},"cookies":{},"corsPreflightEnabled":false,"user":{"id":"guest-456"}},"res":{"raw":{"_events":{},"_eventsCount":2,"outputData":[],"outputSize":0,"writable":true,"destroyed":false,"_last":false,"chunkedEncoding":false,"shouldKeepAlive":true,"maxRequestsOnConnectionReached":false,"_defaultKeepAlive":true,"useChunkedEncodingByDefault":true,"sendDate":true,"_removedConnection":false,"_removedContLen":false,"_removedTE":false,"strictContentLength":false,"_contentLength":51,"_hasBody":true,"_trailer":"","finished":true,"_headerSent":true,"_closed":false,"_header":"HTTP/1.1 200 OK\r\nContent-Security-Policy: default-src 'self';base-uri 'self';font-src 'self' https: data:;form-action 'self';frame-ancestors 'self';img-src 'self' data:;object-src 'none';script-src 'self';script-src-attr 'none';style-src 'self' https: 'unsafe-inline';upgrade-insecure-requests\r\nCross-Origin-Opener-Policy: same-origin\r\nCross-Origin-Resource-Policy: same-origin\r\nOrigin-Agent-Cluster: ?1\r\nReferrer-Policy: no-referrer\r\nStrict-Transport-Security: max-age=15552000; includeSubDomains\r\nX-Content-Type-Options: nosniff\r\nX-DNS-Prefetch-Control: off\r\nX-Download-Options: noopen\r\nX-Frame-Options: SAMEORIGIN\r\nX-Permitted-Cross-Domain-Policies: none\r\nX-XSS-Protection: 0\r\naccess-control-allow-origin: http://localhost\r\naccess-control-allow-credentials: true\r\nx-ratelimit-limit: 100\r\nx-ratelimit-remaining: 93\r\nx-ratelimit-reset: 60\r\ncontent-type: application/json; charset=utf-8\r\ncontent-length: 51\r\nDate: Fri, 21 Aug 2026 13:39:07 GMT\r\nConnection: keep-alive\r\n\r\n","_keepAliveTimeout":0,"req":{"_events":{},"_readableState":{"highWaterMark":16384,"buffer":[],"bufferIndex":0,"length":0,"pipes":[],"awaitDrainWriters":null},"url":"/api/v1/rooms/11111111-1111-1111-1111-111111111111/leave","aborted":false,"httpVersionMajor":1,"httpVersionMinor":1,"httpVersion":"1.1","method":"POST","headers":{"authorization":"Bearer eyJhbGciOiJIUzI1NiIsInR5cCI6IkpXVCJ9.eyJzdWIiOiJndWVzdC00NTYiLCJ0eXBlIjoiYWNjZXNzIiwianRpIjoiZ3Vlc3QtanRpIiwiaWF0IjoxNzg3MzE5NTQ3LCJleHAiOjE3ODczMjA0NDd9.yrn2EzlF0ojimGsI31_23rJSYUco8OG2Ze9CSfgmhI4","user-agent":"lightMyRequest","host":"localhost:80"},"rawHeaders":["authorization","Bearer eyJhbGciOiJIUzI1NiIsInR5cCI6IkpXVCJ9.eyJzdWIiOiJndWVzdC00NTYiLCJ0eXBlIjoiYWNjZXNzIiwianRpIjoiZ3Vlc3QtanRpIiwiaWF0IjoxNzg3MzE5NTQ3LCJleHAiOjE3ODczMjA0NDd9.yrn2EzlF0ojimGsI31_23rJSYUco8OG2Ze9CSfgmhI4","user-agent","lightMyRequest","host","localhost:80"],"socket":{"_events":{},"_eventsCount":0,"remoteAddress":"127.0.0.1"},"_lightMyRequest":{"payload":null,"isDone":false,"simulate":{}},"_eventsCount":2},"_sent100":false,"_expect_continue":false,"_lightMyRequest":{"headers":{"content-security-policy":"default-src 'self';base-uri 'self';font-src 'self' https: data:;form-action 'self';frame-ancestors 'self';img-src 'self' data:;object-src 'none';script-src 'self';script-src-attr 'none';style-src 'self' https: 'unsafe-inline';upgrade-insecure-requests","cross-origin-opener-policy":"same-origin","cross-origin-resource-policy":"same-origin","origin-agent-cluster":"?1","referrer-policy":"no-referrer","strict-transport-security":"max-age=15552000; includeSubDomains","x-content-type-options":"nosniff","x-dns-prefetch-control":"off","x-download-options":"noopen","x-frame-options":"SAMEORIGIN","x-permitted-cross-domain-policies":"none","x-xss-protection":"0","access-control-allow-origin":"http://localhost","access-control-allow-credentials":"true","x-ratelimit-limit":"100","x-ratelimit-remaining":"93","x-ratelimit-reset":"60","content-type":"application/json; charset=utf-8","content-length":"51","date":"Fri, 21 Aug 2026 13:39:07 GMT","connection":"keep-alive"},"trailers":{},"payloadChunks":[{"type":"Buffer","data":[123,34,115,117,99,99,101,115,115,34,58,116,114,117,101,44,34,109,101,115,115,97,103,101,34,58,34,76,101,102,116,32,114,111,111,109,32,115,117,99,99,101,115,115,102,117,108,108,121,34,125]}]},"_promiseCallback":true,"statusCode":200,"statusMessage":"OK"},"request":{"id":"req-7","params":{"roomId":"11111111-1111-1111-1111-111111111111"},"raw":{"_events":{},"_readableState":{"highWaterMark":16384,"buffer":[],"bufferIndex":0,"length":0,"pipes":[],"awaitDrainWriters":null},"url":"/api/v1/rooms/11111111-1111-1111-1111-111111111111/leave","aborted":false,"httpVersionMajor":1,"httpVersionMinor":1,"httpVersion":"1.1","method":"POST","headers":{"authorization":"Bearer eyJhbGciOiJIUzI1NiIsInR5cCI6IkpXVCJ9.eyJzdWIiOiJndWVzdC00NTYiLCJ0eXBlIjoiYWNjZXNzIiwianRpIjoiZ3Vlc3QtanRpIiwiaWF0IjoxNzg3MzE5NTQ3LCJleHAiOjE3ODczMjA0NDd9.yrn2EzlF0ojimGsI31_23rJSYUco8OG2Ze9CSfgmhI4","user-agent":"lightMyRequest","host":"localhost:80"},"rawHeaders":["authorization","Bearer eyJhbGciOiJIUzI1NiIsInR5cCI6IkpXVCJ9.eyJzdWIiOiJndWVzdC00NTYiLCJ0eXBlIjoiYWNjZXNzIiwianRpIjoiZ3Vlc3QtanRpIiwiaWF0IjoxNzg3MzE5NTQ3LCJleHAiOjE3ODczMjA0NDd9.yrn2EzlF0ojimGsI31_23rJSYUco8OG2Ze9CSfgmhI4","user-agent","lightMyRequest","host","localhost:80"],"socket":{"_events":{},"_eventsCount":0,"remoteAddress":"127.0.0.1"},"_lightMyRequest":{"payload":null,"isDone":false,"simulate":{}},"_eventsCount":2},"query":{},"log":{},"cookies":{},"corsPreflightEnabled":false,"user":{"id":"guest-456"}},"log":{},"cspNonce":null},"responseTime":0.8311000019311905,"msg":"request completed"}
{"level":"info","time":1787319547397,"pid":9240,"hostname":"SiriTeja","req":{"id":"req-8","params":{"roomId":"11111111-1111-1111-1111-111111111111"},"raw":{"_events":{},"_readableState":{"highWaterMark":16384,"buffer":[],"bufferIndex":0,"length":0,"pipes":[],"awaitDrainWriters":null},"url":"/api/v1/rooms/11111111-1111-1111-1111-111111111111/participants","aborted":false,"httpVersionMajor":1,"httpVersionMinor":1,"httpVersion":"1.1","method":"GET","headers":{"authorization":"Bearer eyJhbGciOiJIUzI1NiIsInR5cCI6IkpXVCJ9.eyJzdWIiOiJndWVzdC00NTYiLCJ0eXBlIjoiYWNjZXNzIiwianRpIjoiZ3Vlc3QtanRpIiwiaWF0IjoxNzg3MzE5NTQ3LCJleHAiOjE3ODczMjA0NDd9.yrn2EzlF0ojimGsI31_23rJSYUco8OG2Ze9CSfgmhI4","user-agent":"lightMyRequest","host":"localhost:80"},"rawHeaders":["authorization","Bearer eyJhbGciOiJIUzI1NiIsInR5cCI6IkpXVCJ9.eyJzdWIiOiJndWVzdC00NTYiLCJ0eXBlIjoiYWNjZXNzIiwianRpIjoiZ3Vlc3QtanRpIiwiaWF0IjoxNzg3MzE5NTQ3LCJleHAiOjE3ODczMjA0NDd9.yrn2EzlF0ojimGsI31_23rJSYUco8OG2Ze9CSfgmhI4","user-agent","lightMyRequest","host","localhost:80"],"socket":{"_events":{},"_eventsCount":0,"remoteAddress":"127.0.0.1"},"_lightMyRequest":{"payload":null,"isDone":false,"simulate":{}},"_eventsCount":2},"query":{},"log":{},"cookies":{},"corsPreflightEnabled":false},"msg":"incoming request"}
{"level":"info","time":1787319547398,"pid":9240,"hostname":"SiriTeja","req":{"id":"req-8","params":{"roomId":"11111111-1111-1111-1111-111111111111"},"raw":{"_events":{},"_readableState":{"highWaterMark":16384,"buffer":[],"bufferIndex":0,"length":0,"pipes":[],"awaitDrainWriters":null},"url":"/api/v1/rooms/11111111-1111-1111-1111-111111111111/participants","aborted":false,"httpVersionMajor":1,"httpVersionMinor":1,"httpVersion":"1.1","method":"GET","headers":{"authorization":"Bearer eyJhbGciOiJIUzI1NiIsInR5cCI6IkpXVCJ9.eyJzdWIiOiJndWVzdC00NTYiLCJ0eXBlIjoiYWNjZXNzIiwianRpIjoiZ3Vlc3QtanRpIiwiaWF0IjoxNzg3MzE5NTQ3LCJleHAiOjE3ODczMjA0NDd9.yrn2EzlF0ojimGsI31_23rJSYUco8OG2Ze9CSfgmhI4","user-agent":"lightMyRequest","host":"localhost:80"},"rawHeaders":["authorization","Bearer eyJhbGciOiJIUzI1NiIsInR5cCI6IkpXVCJ9.eyJzdWIiOiJndWVzdC00NTYiLCJ0eXBlIjoiYWNjZXNzIiwianRpIjoiZ3Vlc3QtanRpIiwiaWF0IjoxNzg3MzE5NTQ3LCJleHAiOjE3ODczMjA0NDd9.yrn2EzlF0ojimGsI31_23rJSYUco8OG2Ze9CSfgmhI4","user-agent","lightMyRequest","host","localhost:80"],"socket":{"_events":{},"_eventsCount":0,"remoteAddress":"127.0.0.1"},"_lightMyRequest":{"payload":null,"isDone":false,"simulate":{}},"_eventsCount":2},"query":{},"log":{},"cookies":{},"corsPreflightEnabled":false,"user":{"id":"guest-456"}},"res":{"raw":{"_events":{},"_eventsCount":2,"outputData":[],"outputSize":0,"writable":true,"destroyed":false,"_last":false,"chunkedEncoding":false,"shouldKeepAlive":true,"maxRequestsOnConnectionReached":false,"_defaultKeepAlive":true,"useChunkedEncodingByDefault":true,"sendDate":true,"_removedConnection":false,"_removedContLen":false,"_removedTE":false,"strictContentLength":false,"_contentLength":269,"_hasBody":true,"_trailer":"","finished":true,"_headerSent":true,"_closed":false,"_header":"HTTP/1.1 200 OK\r\nContent-Security-Policy: default-src 'self';base-uri 'self';font-src 'self' https: data:;form-action 'self';frame-ancestors 'self';img-src 'self' data:;object-src 'none';script-src 'self';script-src-attr 'none';style-src 'self' https: 'unsafe-inline';upgrade-insecure-requests\r\nCross-Origin-Opener-Policy: same-origin\r\nCross-Origin-Resource-Policy: same-origin\r\nOrigin-Agent-Cluster: ?1\r\nReferrer-Policy: no-referrer\r\nStrict-Transport-Security: max-age=15552000; includeSubDomains\r\nX-Content-Type-Options: nosniff\r\nX-DNS-Prefetch-Control: off\r\nX-Download-Options: noopen\r\nX-Frame-Options: SAMEORIGIN\r\nX-Permitted-Cross-Domain-Policies: none\r\nX-XSS-Protection: 0\r\naccess-control-allow-origin: http://localhost\r\naccess-control-allow-credentials: true\r\nx-ratelimit-limit: 100\r\nx-ratelimit-remaining: 92\r\nx-ratelimit-reset: 60\r\ncontent-type: application/json; charset=utf-8\r\ncontent-length: 269\r\nDate: Fri, 21 Aug 2026 13:39:07 GMT\r\nConnection: keep-alive\r\n\r\n","_keepAliveTimeout":0,"req":{"_events":{},"_readableState":{"highWaterMark":16384,"buffer":[],"bufferIndex":0,"length":0,"pipes":[],"awaitDrainWriters":null},"url":"/api/v1/rooms/11111111-1111-1111-1111-111111111111/participants","aborted":false,"httpVersionMajor":1,"httpVersionMinor":1,"httpVersion":"1.1","method":"GET","headers":{"authorization":"Bearer eyJhbGciOiJIUzI1NiIsInR5cCI6IkpXVCJ9.eyJzdWIiOiJndWVzdC00NTYiLCJ0eXBlIjoiYWNjZXNzIiwianRpIjoiZ3Vlc3QtanRpIiwiaWF0IjoxNzg3MzE5NTQ3LCJleHAiOjE3ODczMjA0NDd9.yrn2EzlF0ojimGsI31_23rJSYUco8OG2Ze9CSfgmhI4","user-agent":"lightMyRequest","host":"localhost:80"},"rawHeaders":["authorization","Bearer eyJhbGciOiJIUzI1NiIsInR5cCI6IkpXVCJ9.eyJzdWIiOiJndWVzdC00NTYiLCJ0eXBlIjoiYWNjZXNzIiwianRpIjoiZ3Vlc3QtanRpIiwiaWF0IjoxNzg3MzE5NTQ3LCJleHAiOjE3ODczMjA0NDd9.yrn2EzlF0ojimGsI31_23rJSYUco8OG2Ze9CSfgmhI4","user-agent","lightMyRequest","host","localhost:80"],"socket":{"_events":{},"_eventsCount":0,"remoteAddress":"127.0.0.1"},"_lightMyRequest":{"payload":null,"isDone":false,"simulate":{}},"_eventsCount":2},"_sent100":false,"_expect_continue":false,"_lightMyRequest":{"headers":{"content-security-policy":"default-src 'self';base-uri 'self';font-src 'self' https: data:;form-action 'self';frame-ancestors 'self';img-src 'self' data:;object-src 'none';script-src 'self';script-src-attr 'none';style-src 'self' https: 'unsafe-inline';upgrade-insecure-requests","cross-origin-opener-policy":"same-origin","cross-origin-resource-policy":"same-origin","origin-agent-cluster":"?1","referrer-policy":"no-referrer","strict-transport-security":"max-age=15552000; includeSubDomains","x-content-type-options":"nosniff","x-dns-prefetch-control":"off","x-download-options":"noopen","x-frame-options":"SAMEORIGIN","x-permitted-cross-domain-policies":"none","x-xss-protection":"0","access-control-allow-origin":"http://localhost","access-control-allow-credentials":"true","x-ratelimit-limit":"100","x-ratelimit-remaining":"92","x-ratelimit-reset":"60","content-type":"application/json; charset=utf-8","content-length":"269","date":"Fri, 21 Aug 2026 13:39:07 GMT","connection":"keep-alive"},"trailers":{},"payloadChunks":[{"type":"Buffer","data":[123,34,115,117,99,99,101,115,115,34,58,116,114,117,101,44,34,100,97,116,97,34,58,123,34,112,97,114,116,105,99,105,112,97,110,116,115,34,58,91,123,34,117,115,101,114,73,100,34,58,34,103,117,101,115,116,45,52,53,54,34,44,34,100,105,115,112,108,97,121,78,97,109,101,34,58,34,71,117,101,115,116,34,44,34,97,118,97,116,97,114,85,114,108,34,58,110,117,108,108,44,34,106,111,105,110,101,100,65,116,34,58,34,50,48,50,54,45,48,56,45,50,49,84,49,51,58,51,57,58,48,55,46,51,57,55,90,34,44,34,111,110,108,105,110,101,34,58,116,114,117,101,125,44,123,34,117,115,101,114,73,100,34,58,34,104,111,115,116,45,49,50,51,34,44,34,100,105,115,112,108,97,121,78,97,109,101,34,58,34,72,111,115,116,34,44,34,97,118,97,116,97,114,85,114,108,34,58,110,117,108,108,44,34,106,111,105,110,101,100,65,116,34,58,34,50,48,50,54,45,48,56,45,50,49,84,49,51,58,51,57,58,48,55,46,51,57,55,90,34,44,34,111,110,108,105,110,101,34,58,102,97,108,115,101,125,93,125,125]}]},"_promiseCallback":true,"statusCode":200,"statusMessage":"OK"},"request":{"id":"req-8","params":{"roomId":"11111111-1111-1111-1111-111111111111"},"raw":{"_events":{},"_readableState":{"highWaterMark":16384,"buffer":[],"bufferIndex":0,"length":0,"pipes":[],"awaitDrainWriters":null},"url":"/api/v1/rooms/11111111-1111-1111-1111-111111111111/participants","aborted":false,"httpVersionMajor":1,"httpVersionMinor":1,"httpVersion":"1.1","method":"GET","headers":{"authorization":"Bearer eyJhbGciOiJIUzI1NiIsInR5cCI6IkpXVCJ9.eyJzdWIiOiJndWVzdC00NTYiLCJ0eXBlIjoiYWNjZXNzIiwianRpIjoiZ3Vlc3QtanRpIiwiaWF0IjoxNzg3MzE5NTQ3LCJleHAiOjE3ODczMjA0NDd9.yrn2EzlF0ojimGsI31_23rJSYUco8OG2Ze9CSfgmhI4","user-agent":"lightMyRequest","host":"localhost:80"},"rawHeaders":["authorization","Bearer eyJhbGciOiJIUzI1NiIsInR5cCI6IkpXVCJ9.eyJzdWIiOiJndWVzdC00NTYiLCJ0eXBlIjoiYWNjZXNzIiwianRpIjoiZ3Vlc3QtanRpIiwiaWF0IjoxNzg3MzE5NTQ3LCJleHAiOjE3ODczMjA0NDd9.yrn2EzlF0ojimGsI31_23rJSYUco8OG2Ze9CSfgmhI4","user-agent","lightMyRequest","host","localhost:80"],"socket":{"_events":{},"_eventsCount":0,"remoteAddress":"127.0.0.1"},"_lightMyRequest":{"payload":null,"isDone":false,"simulate":{}},"_eventsCount":2},"query":{},"log":{},"cookies":{},"corsPreflightEnabled":false,"user":{"id":"guest-456"}},"log":{},"cspNonce":null},"responseTime":1.0786000043153763,"msg":"request completed"}
 [33m❯[39m tests/integration/participants.test.ts [2m ([22m[2m8 tests[22m [2m|[22m [31m3 failed[39m[2m)[22m[90m 97[2mms[22m[39m
[31m   [33m❯[31m tests/integration/participants.test.ts[2m > [22mParticipants Module (Module 4)[2m > [22mPOST /api/v1/rooms/:roomId/join[2m > [22mshould fail to join if room is full[39m
[31m     → expected 500 to be 400 // Object.is equality[39m
[31m   [33m❯[31m tests/integration/participants.test.ts[2m > [22mParticipants Module (Module 4)[2m > [22mPOST /api/v1/rooms/:roomId/join[2m > [22mshould allow host to join a private room[39m
[31m     → expected 500 to be 200 // Object.is equality[39m
[31m   [33m❯[31m tests/integration/participants.test.ts[2m > [22mParticipants Module (Module 4)[2m > [22mPOST /api/v1/rooms/:roomId/join[2m > [22mshould reject non-host from joining a private room[39m
[31m     → expected 500 to be 403 // Object.is equality[39m

[31m⎯⎯⎯⎯⎯⎯⎯[1m[7m Failed Tests 3 [27m[22m⎯⎯⎯⎯⎯⎯⎯[39m

[31m[1m[7m FAIL [27m[22m[39m tests/integration/participants.test.ts[2m > [22mParticipants Module (Module 4)[2m > [22mPOST /api/v1/rooms/:roomId/join[2m > [22mshould fail to join if room is full
[31m[1mAssertionError[22m: expected 500 to be 400 // Object.is equality[39m

[32m- Expected[39m
[31m+ Received[39m

[32m- 400[39m
[31m+ 500[39m

[36m [2m❯[22m tests/integration/participants.test.ts:[2m92:35[22m[39m
    [90m 90| [39m      console[33m.[39m[34mlog[39m([32m'500 ERROR BODY:'[39m[33m,[39m response[33m.[39mpayload)[33m;[39m
    [90m 91| [39m
    [90m 92| [39m      [34mexpect[39m(response[33m.[39mstatusCode)[33m.[39m[34mtoBe[39m([34m400[39m)[33m;[39m
    [90m   | [39m                                  [31m^[39m
    [90m 93| [39m      [35mconst[39m body [33m=[39m [33mJSON[39m[33m.[39m[34mparse[39m(response[33m.[39mpayload)[33m;[39m
    [90m 94| [39m      [34mexpect[39m(body[33m.[39merror[33m.[39mcode)[33m.[39m[34mtoBe[39m([32m'ROOM_FULL'[39m)[33m;[39m

[31m[2m⎯⎯⎯⎯⎯⎯⎯⎯⎯⎯⎯⎯⎯⎯⎯⎯⎯⎯⎯⎯⎯⎯⎯⎯[1/3]⎯[22m[39m

[31m[1m[7m FAIL [27m[22m[39m tests/integration/participants.test.ts[2m > [22mParticipants Module (Module 4)[2m > [22mPOST /api/v1/rooms/:roomId/join[2m > [22mshould allow host to join a private room
[31m[1mAssertionError[22m: expected 500 to be 200 // Object.is equality[39m

[32m- Expected[39m
[31m+ Received[39m

[32m- 200[39m
[31m+ 500[39m

[36m [2m❯[22m tests/integration/participants.test.ts:[2m109:35[22m[39m
    [90m107| [39m      })[33m;[39m
    [90m108| [39m
    [90m109| [39m      [34mexpect[39m(response[33m.[39mstatusCode)[33m.[39m[34mtoBe[39m([34m200[39m)[33m;[39m
    [90m   | [39m                                  [31m^[39m
    [90m110| [39m    })[33m;[39m
    [90m111| [39m

[31m[2m⎯⎯⎯⎯⎯⎯⎯⎯⎯⎯⎯⎯⎯⎯⎯⎯⎯⎯⎯⎯⎯⎯⎯⎯[2/3]⎯[22m[39m

[31m[1m[7m FAIL [27m[22m[39m tests/integration/participants.test.ts[2m > [22mParticipants Module (Module 4)[2m > [22mPOST /api/v1/rooms/:roomId/join[2m > [22mshould reject non-host from joining a private room
[31m[1mAssertionError[22m: expected 500 to be 403 // Object.is equality[39m

[32m- Expected[39m
[31m+ Received[39m

[32m- 403[39m
[31m+ 500[39m

[36m [2m❯[22m tests/integration/participants.test.ts:[2m122:35[22m[39m
    [90m120| [39m      })[33m;[39m
    [90m121| [39m
    [90m122| [39m      [34mexpect[39m(response[33m.[39mstatusCode)[33m.[39m[34mtoBe[39m([34m403[39m)[33m;[39m
    [90m   | [39m                                  [31m^[39m
    [90m123| [39m      [35mconst[39m body [33m=[39m [33mJSON[39m[33m.[39m[34mparse[39m(response[33m.[39mpayload)[33m;[39m
    [90m124| [39m      [34mexpect[39m(body[33m.[39merror[33m.[39mcode)[33m.[39m[34mtoBe[39m([32m'ROOM_JOIN_FORBIDDEN'[39m)[33m;[39m

[31m[2m⎯⎯⎯⎯⎯⎯⎯⎯⎯⎯⎯⎯⎯⎯⎯⎯⎯⎯⎯⎯⎯⎯⎯⎯[3/3]⎯[22m[39m

[2m Test Files [22m [1m[31m1 failed[39m[22m[90m (1)[39m
[2m      Tests [22m [1m[31m3 failed[39m[22m[2m | [22m[1m[32m5 passed[39m[22m[90m (8)[39m
[2m   Start at [22m 19:09:05
[2m   Duration [22m 1.54s[2m (transform 228ms, setup 0ms, collect 948ms, tests 97ms, environment 0ms, prepare 187ms)[22m

